[
  {
    "start": 0,
    "end": 8,
    "hadLineBreak": true,
    "token": {
      "kind": 0,
      "inner": {
        "kind": 0,
        "inner": 11
      }
    }
  },
  {
    "start": 9,
    "end": 12,
    "hadLineBreak": false,
    "token": {
      "kind": 0,
      "inner": {
        "kind": 4,
        "inner": "foo"
      }
    }
  },
  {
    "start": 12,
    "end": 13,
    "hadLineBreak": false,
    "token": 7
  },
  {
    "start": 13,
    "end": 14,
    "hadLineBreak": false,
    "token": 11
  },
  {
    "start": 15,
    "end": 16,
    "hadLineBreak": false,
    "token": {
      "kind": 0,
      "inner": {
        "kind": 4,
        "inner": "a"
      }
    }
  },
  {
    "start": 17,
    "end": 18,
    "hadLineBreak": false,
    "token": 12
  },
  {
    "start": 18,
    "end": 19,
    "hadLineBreak": false,
    "token": 17
  },
  {
    "start": 20,
    "end": 21,
    "hadLineBreak": false,
    "token": 11
  },
  {
    "start": 22,
    "end": 23,
    "hadLineBreak": false,
    "token": {
      "kind": 0,
      "inner": {
        "kind": 4,
        "inner": "a"
      }
    }
  },
  {
    "start": 23,
    "end": 24,
    "hadLineBreak": false,
    "token": 17
  },
  {
    "start": 25,
    "end": 31,
    "hadLineBreak": false,
    "token": {
      "kind": 0,
      "inner": {
        "kind": 4,
        "inner": "number"
      }
    }
  },
  {
    "start": 32,
    "end": 33,
    "hadLineBreak": false,
    "token": 12
  },
  {
    "start": 33,
    "end": 34,
    "hadLineBreak": false,
    "token": 8
  },
  {
    "start": 34,
    "end": 35,
    "hadLineBreak": false,
    "token": 17
  },
  {
    "start": 36,
    "end": 43,
    "hadLineBreak": false,
    "token": {
      "kind": 0,
      "inner": {
        "kind": 4,
        "inner": "boolean"
      }
    }
  },
  {
    "start": 44,
    "end": 45,
    "hadLineBreak": false,
    "token": 11
  },
  {
    "start": 46,
    "end": 52,
    "hadLineBreak": false,
    "token": {
      "kind": 0,
      "inner": {
        "kind": 0,
        "inner": 13
      }
    }
  },
  {
    "start": 53,
    "end": 54,
    "hadLineBreak": false,
    "token": {
      "kind": 0,
      "inner": {
        "kind": 4,
        "inner": "a"
      }
    }
  },
  {
    "start": 55,
    "end": 56,
    "hadLineBreak": false,
    "token": {
      "kind": 19,
      "inner": 15
    }
  },
  {
    "start": 57,
    "end": 59,
    "hadLineBreak": false,
    "token": {
      "kind": 29,
      "inner": [1,[2]]
    }
  },
  {
    "start": 60,
    "end": 63,
    "hadLineBreak": false,
    "token": {
      "kind": 19,
      "inner": 2
    }
  },
  {
    "start": 64,
    "end": 65,
    "hadLineBreak": false,
    "token": {
      "kind": 28,
      "inner": 0.0
    }
  },
  {
    "start": 65,
    "end": 66,
    "hadLineBreak": false,
    "token": 13
  },
  {
    "start": 67,
    "end": 68,
    "hadLineBreak": false,
    "token": 12
  }
]