{
  "nodeKind": "Module",
  "span": {
    "start": 0,
    "end": 13,
    "ctxt": 0
  },
  "shebang": null,
  "body": [
    {
      "nodeKind": "VarDecl",
      "span": {
        "start": 0,
        "end": 13,
        "ctxt": 0
      },
      "kind": "let",
      "declare": false,
      "decls": [
        {
          "nodeKind": "VarDeclarator",
          "span": {
            "start": 4,
            "end": 12,
            "ctxt": 0
          },
          "definite": false,
          "name": {
            "nodeKind": "BindingIdent",
            "span": {
              "start": 4,
              "end": 7,
              "ctxt": 0
            },
            "id": {
              "nodeKind": "Ident",
              "span": {
                "start": 4,
                "end": 7,
                "ctxt": 0
              },
              "sym": "foo",
              "optional": false
            },
            "typeAnn": null
          },
          "init": {
            "nodeKind": "Number",
            "span": {
              "start": 10,
              "end": 12,
              "ctxt": 0
            },
            "value": 42.0
          }
        }
      ]
    }
  ]
}
