{
  "leading": {
    "6": [
      {
        "start": 0,
        "end": 5,
        "text": "1",
        "kind": 1
      }
    ]
  },
  "trailing": {
    "19": [
      {
        "start": 20,
        "end": 24,
        "text": " 2",
        "kind": 0
      }
    ]
  }
}