[
  {
    "start": 0,
    "end": 3,
    "hadLineBreak": true,
    "token": {
      "kind": 26,
      "value": "ğŸš€",
      "hasEscape": false
    }
  }
]