{
  "nodeKind": "Module",
  "span": {
    "start": 0,
    "end": 67,
    "ctxt": 0
  },
  "shebang": null,
  "body": [
    {
      "nodeKind": "FnDecl",
      "span": {
        "start": 0,
        "end": 67,
        "ctxt": 0
      },
      "declare": false,
      "ident": {
        "nodeKind": "Ident",
        "span": {
          "start": 9,
          "end": 12,
          "ctxt": 0
        },
        "sym": "foo",
        "optional": false
      },
      "function": {
        "nodeKind": "Function",
        "span": {
          "start": 0,
          "end": 67,
          "ctxt": 0
        },
        "isGenerator": false,
        "isAsync": false,
        "params": [
          {
            "nodeKind": "Param",
            "span": {
              "start": 13,
              "end": 33,
              "ctxt": 0
            },
            "decorators": [],
            "pat": {
              "nodeKind": "ObjectPat",
              "span": {
                "start": 13,
                "end": 33,
                "ctxt": 0
              },
              "optional": false,
              "props": [
                {
                  "nodeKind": "AssignPatProp",
                  "span": {
                    "start": 15,
                    "end": 16,
                    "ctxt": 0
                  },
                  "key": {
                    "nodeKind": "Ident",
                    "span": {
                      "start": 15,
                      "end": 16,
                      "ctxt": 0
                    },
                    "sym": "a",
                    "optional": false
                  },
                  "value": null
                }
              ],
              "typeAnn": {
                "nodeKind": "TsTypeAnn",
                "span": {
                  "start": 18,
                  "end": 33,
                  "ctxt": 0
                },
                "typeAnn": {
                  "nodeKind": "TsTypeLit",
                  "span": {
                    "start": 20,
                    "end": 33,
                    "ctxt": 0
                  },
                  "members": [
                    {
                      "nodeKind": "TsPropertySignature",
                      "span": {
                        "start": 22,
                        "end": 31,
                        "ctxt": 0
                      },
                      "readonly": false,
                      "computed": false,
                      "optional": false,
                      "key": {
                        "nodeKind": "Ident",
                        "span": {
                          "start": 22,
                          "end": 23,
                          "ctxt": 0
                        },
                        "sym": "a",
                        "optional": false
                      },
                      "init": null,
                      "params": [],
                      "typeAnn": {
                        "nodeKind": "TsTypeAnn",
                        "span": {
                          "start": 23,
                          "end": 31,
                          "ctxt": 0
                        },
                        "typeAnn": {
                          "nodeKind": "TsKeywordType",
                          "span": {
                            "start": 25,
                            "end": 31,
                            "ctxt": 0
                          },
                          "kind": "number"
                        }
                      },
                      "typeParams": null
                    }
                  ]
                }
              }
            }
          }
        ],
        "decorators": [],
        "body": {
          "nodeKind": "BlockStmt",
          "span": {
            "start": 44,
            "end": 67,
            "ctxt": 0
          },
          "stmts": [
            {
              "nodeKind": "ReturnStmt",
              "span": {
                "start": 46,
                "end": 65,
                "ctxt": 0
              },
              "arg": {
                "nodeKind": "BinExpr",
                "span": {
                  "start": 53,
                  "end": 64,
                  "ctxt": 0
                },
                "op": "===",
                "left": {
                  "nodeKind": "BinExpr",
                  "span": {
                    "start": 53,
                    "end": 58,
                    "ctxt": 0
                  },
                  "op": "%",
                  "left": {
                    "nodeKind": "Ident",
                    "span": {
                      "start": 53,
                      "end": 54,
                      "ctxt": 0
                    },
                    "sym": "a",
                    "optional": false
                  },
                  "right": {
                    "nodeKind": "Number",
                    "span": {
                      "start": 57,
                      "end": 58,
                      "ctxt": 0
                    },
                    "value": 2.0
                  }
                },
                "right": {
                  "nodeKind": "Number",
                  "span": {
                    "start": 63,
                    "end": 64,
                    "ctxt": 0
                  },
                  "value": 0.0
                }
              }
            }
          ]
        },
        "typeParams": null,
        "returnType": {
          "nodeKind": "TsTypeAnn",
          "span": {
            "start": 34,
            "end": 43,
            "ctxt": 0
          },
          "typeAnn": {
            "nodeKind": "TsKeywordType",
            "span": {
              "start": 36,
              "end": 43,
              "ctxt": 0
            },
            "kind": "boolean"
          }
        }
      }
    }
  ]
}
